Circuit: * E:\EDL\LAB3\test.asc

.OP point found by inspection.

Date: Thu Feb 22 11:45:43 2018
Total elapsed time: 0.139 seconds.

tnom = 27
temp = 27
method = modified trap
totiter = 2088
traniter = 2088
tranpoints = 1045
accept = 1045
rejected = 0
matrix size = 15
fillins = 12
solver = Normal
Matrix Compiler1: 2.12 KB object code size  0.6/0.3/[0.1]
Matrix Compiler2: off  [0.0]/0.2/0.1

